\BOOKMARK [1][-]{section.1}{\376\377\000S\000i\000s\000t\000e\000m\000a}{}% 1
\BOOKMARK [1][-]{section.2}{\376\377\000M\000\351\000t\000o\000d\000o\000\040\000d\000e\000\040\000E\000l\000i\000m\000i\000n\000a\000c\000i\000\363\000n\000\040\000\050\0007\000\040\000p\000a\000s\000o\000s\000\051}{}% 2
\BOOKMARK [2][-]{subsection.2.1}{\376\377\000P\000a\000s\000o\000\040\0001\000\040\040\024\000\040\000D\000e\000s\000p\000e\000j\000a\000r\000\040\000u\000n\000a\000\040\000v\000a\000r\000i\000a\000b\000l\000e}{section.2}% 3
\BOOKMARK [2][-]{subsection.2.2}{\376\377\000P\000a\000s\000o\000\040\0002\000\040\040\024\000\040\000D\000e\000r\000i\000v\000a\000r\000\040\000l\000a\000\040\000e\000x\000p\000r\000e\000s\000i\000\363\000n\000\040\000a\000n\000t\000e\000r\000i\000o\000r}{section.2}% 4
\BOOKMARK [2][-]{subsection.2.3}{\376\377\000P\000a\000s\000o\000\040\0003\000\040\040\024\000\040\000S\000u\000s\000t\000i\000t\000u\000i\000r\000\040\000e\000n\000\040\000l\000a\000\040\000o\000t\000r\000a\000\040\000e\000c\000u\000a\000c\000i\000\363\000n}{section.2}% 5
\BOOKMARK [2][-]{subsection.2.4}{\376\377\000P\000a\000s\000o\000\040\0004\000\040\040\024\000\040\000O\000b\000t\000e\000n\000e\000r\000\040\000u\000n\000a\000\040\000E\000D\000O}{section.2}% 6
\BOOKMARK [2][-]{subsection.2.5}{\376\377\000P\000a\000s\000o\000\040\0005\000\040\040\024\000\040\000R\000e\000s\000o\000l\000v\000e\000r\000\040\000l\000a\000\040\000E\000D\000O}{section.2}% 7
\BOOKMARK [2][-]{subsection.2.6}{\376\377\000P\000a\000s\000o\000\040\0006\000\040\040\024\000\040\000S\000u\000s\000t\000i\000t\000u\000i\000r\000\040\000p\000a\000r\000a\000\040\000h\000a\000l\000l\000a\000r\000\040\000l\000a\000\040\000v\000a\000r\000i\000a\000b\000l\000e\000\040\000f\000a\000l\000t\000a\000n\000t\000e}{section.2}% 8
\BOOKMARK [2][-]{subsection.2.7}{\376\377\000P\000a\000s\000o\000\040\0007\000\040\040\024\000\040\000E\000s\000c\000r\000i\000b\000i\000r\000\040\000l\000a\000\040\000s\000o\000l\000u\000c\000i\000\363\000n\000\040\000c\000o\000m\000p\000l\000e\000t\000a}{section.2}% 9
\BOOKMARK [1][-]{section.3}{\376\377\000M\000\351\000t\000o\000d\000o\000\040\000d\000e\000l\000\040\000O\000p\000e\000r\000a\000d\000o\000r\000\040\000D\000i\000f\000e\000r\000e\000n\000c\000i\000a\000l\000\040\000\050\0009\000\040\000p\000a\000s\000o\000s\000\051}{}% 10
\BOOKMARK [2][-]{subsection.3.1}{\376\377\000P\000a\000s\000o\000\040\0001\000\040\040\024\000\040\000R\000e\000o\000r\000d\000e\000n\000a\000r\000\040\000l\000a\000s\000\040\000E\000D\000\040\000d\000e\000j\000a\000n\000d\000o\000\040\000t\000o\000d\000o\000\040\000a\000\040\000l\000a\000\040\000i\000z\000q\000u\000i\000e\000r\000d\000a}{section.3}% 11
\BOOKMARK [2][-]{subsection.3.2}{\376\377\000P\000a\000s\000o\000\040\0002\000\040\040\024\000\040\000S\000u\000s\000t\000i\000t\000u\000i\000r\000\040\000d\000e\000r\000i\000v\000a\000d\000a\000s\000\040\000p\000o\000r\000\040\000D\000\040\000\050\000y\000a\000\040\000e\000s\000t\000\341\000\040\000h\000e\000c\000h\000o\000\051}{section.3}% 12
\BOOKMARK [2][-]{subsection.3.3}{\376\377\000P\000a\000s\000o\000\040\0003\000\040\040\024\000\040\000F\000o\000r\000m\000a\000r\000\040\000y\000\040\000c\000a\000l\000c\000u\000l\000a\000r\000\040\000e\000l\000\040\000d\000e\000t\000e\000r\000m\000i\000n\000a\000n\000t\000e\000\040\000o\000p\000e\000r\000a\000c\000i\000o\000n\000a\000l}{section.3}% 13
\BOOKMARK [2][-]{subsection.3.4}{\376\377\000P\000a\000s\000o\000\040\0004\000\040\040\024\000\040\000O\000b\000t\000e\000n\000e\000r\000\040\000l\000a\000\040\000e\000c\000u\000a\000c\000i\000\363\000n\000\040\000c\000a\000r\000a\000c\000t\000e\000r\000\355\000s\000t\000i\000c\000a}{section.3}% 14
\BOOKMARK [2][-]{subsection.3.5}{\376\377\000P\000a\000s\000o\000\040\0005\000\040\040\024\000\040\000R\000e\000s\000o\000l\000v\000e\000r\000\040\000r\000a\000\355\000c\000e\000s\000\040\000\050\000c\000a\000s\000o\000\040\0002\000:\000\040\000r\000e\000a\000l\000\040\000r\000e\000p\000e\000t\000i\000d\000a\000\051}{section.3}% 15
\BOOKMARK [2][-]{subsection.3.6}{\376\377\000P\000a\000s\000o\000\040\0006\000\040\040\024\000\040\000P\000r\000o\000p\000o\000n\000e\000r\000\040\000s\000o\000l\000u\000c\000i\000\363\000n\000\040\000g\000e\000n\000e\000r\000a\000l\000\040\000p\000a\000r\000a\000\040\000u\000n\000a\000\040\000v\000a\000r\000i\000a\000b\000l\000e}{section.3}% 16
\BOOKMARK [2][-]{subsection.3.7}{\376\377\000P\000a\000s\000o\000\040\0007\000\040\040\024\000\040\000S\000u\000s\000t\000i\000t\000u\000i\000r\000\040\000e\000n\000\040\000e\000c\000u\000a\000c\000i\000\363\000n\000\040\000o\000r\000i\000g\000i\000n\000a\000l}{section.3}% 17
\BOOKMARK [2][-]{subsection.3.8}{\376\377\000P\000a\000s\000o\000\040\0008\000\040\040\024\000\040\000R\000e\000l\000a\000c\000i\000o\000n\000a\000r\000\040\000c\000o\000n\000s\000t\000a\000n\000t\000e\000s}{section.3}% 18
\BOOKMARK [2][-]{subsection.3.9}{\376\377\000P\000a\000s\000o\000\040\0009\000\040\040\024\000\040\000E\000s\000c\000r\000i\000b\000i\000r\000\040\000s\000o\000l\000u\000c\000i\000\363\000n\000\040\000f\000i\000n\000a\000l}{section.3}% 19
\BOOKMARK [1][-]{section.4}{\376\377\000M\000\351\000t\000o\000d\000o\000\040\000d\000e\000\040\000T\000r\000a\000n\000s\000f\000o\000r\000m\000a\000d\000a\000\040\000d\000e\000\040\000L\000a\000p\000l\000a\000c\000e\000\040\000\050\0007\000\040\000p\000a\000s\000o\000s\000\051}{}% 20
\BOOKMARK [2][-]{subsection.4.1}{\376\377\000P\000a\000s\000o\000\040\0001\000\040\040\024\000\040\000A\000p\000l\000i\000c\000a\000r\000\040\000L\000a\000p\000l\000a\000c\000e\000\040\000a\000\040\000c\000a\000d\000a\000\040\000E\000D\000L}{section.4}% 21
\BOOKMARK [2][-]{subsection.4.2}{\376\377\000P\000a\000s\000o\000\040\0002\000\040\040\024\000\040\000A\000p\000l\000i\000c\000a\000r\000\040\000c\000o\000n\000d\000i\000c\000i\000o\000n\000e\000s\000\040\000i\000n\000i\000c\000i\000a\000l\000e\000s\000\040\000\050\000y\000a\000\040\000i\000n\000c\000l\000u\000i\000d\000a\000s\000\051}{section.4}% 22
\BOOKMARK [2][-]{subsection.4.3}{\376\377\000P\000a\000s\000o\000\040\0003\000\040\040\024\000\040\000O\000r\000d\000e\000n\000a\000r\000\040\000e\000l\000\040\000s\000i\000s\000t\000e\000m\000a\000\040\000a\000l\000g\000e\000b\000r\000a\000i\000c\000o}{section.4}% 23
\BOOKMARK [2][-]{subsection.4.4}{\376\377\000P\000a\000s\000o\000\040\0004\000\040\040\024\000\040\000R\000e\000s\000o\000l\000v\000e\000r\000\040\000e\000l\000\040\000s\000i\000s\000t\000e\000m\000a\000\040\000p\000a\000r\000a\000\040\000X\000\050\000s\000\051\000\040\000y\000\040\000Y\000\050\000s\000\051}{section.4}% 24
\BOOKMARK [2][-]{subsection.4.5}{\376\377\000P\000a\000s\000o\000\040\0005\000\040\040\024\000\040\000S\000i\000m\000p\000l\000i\000f\000i\000c\000a\000r\000\040\000l\000a\000s\000\040\000e\000c\000u\000a\000c\000i\000o\000n\000e\000s}{section.4}% 25
\BOOKMARK [2][-]{subsection.4.6}{\376\377\000P\000a\000s\000o\000\040\0006\000\040\040\024\000\040\000A\000p\000l\000i\000c\000a\000r\000\040\000t\000r\000a\000n\000s\000f\000o\000r\000m\000a\000d\000a\000\040\000i\000n\000v\000e\000r\000s\000a\000\040\000d\000e\000\040\000L\000a\000p\000l\000a\000c\000e}{section.4}% 26
\BOOKMARK [2][-]{subsection.4.7}{\376\377\000P\000a\000s\000o\000\040\0007\000\040\040\024\000\040\000E\000s\000c\000r\000i\000b\000i\000r\000\040\000s\000o\000l\000u\000c\000i\000\363\000n\000\040\000f\000i\000n\000a\000l}{section.4}% 27
